# compiler: R8
# compiler_version: 8.0.46
# common_typos_disable
# {"id":"com.android.tools.r8.mapping","version":"2.1"}
# pg_map_id: 96b6a12
# pg_map_hash: SHA-256 96b6a12ec1baf3a23e6c2f6dcdafb909c0dcc3e372eb1dbbf7633c88b95d53f7
com.chaintech.candlechartcompose.extensions.ExtensionsKt -> com.chaintech.candlechartcompose.extensions.ExtensionsKt:
# {"id":"sourceFile","fileName":"extensions.kt"}
    1:1:boolean contains(com.chaintech.candlechartcompose.model.KMMRect,float,float):20:20 -> contains
    1:12:float dpToPx-8Feqmps(float,androidx.compose.runtime.Composer,int):11:22 -> dpToPx-8Feqmps
    13:13:float dpToPx-8Feqmps(float,androidx.compose.runtime.Composer,int):11:11 -> dpToPx-8Feqmps
    1:10:float pxToDp(int,androidx.compose.runtime.Composer,int):15:24 -> pxToDp
    11:11:float pxToDp(int,androidx.compose.runtime.Composer,int):15:15 -> pxToDp
com.chaintech.candlechartcompose.model.CandlestickData -> com.chaintech.candlechartcompose.model.CandlestickData:
# {"id":"sourceFile","fileName":"CandleStickModel.kt"}
    float close -> e
    float low -> d
    float high -> c
    java.lang.String x -> a
    float open -> b
    1:6:void <init>(java.lang.String,float,float,float,float):3:8 -> <init>
    1:1:float getClose():8:8 -> getClose
    1:1:float getHigh():6:6 -> getHigh
    1:1:float getLow():7:7 -> getLow
    1:1:float getOpen():5:5 -> getOpen
    1:1:java.lang.String getX():4:4 -> getX
com.chaintech.candlechartcompose.model.KMMRect -> com.chaintech.candlechartcompose.model.KMMRect:
# {"id":"sourceFile","fileName":"KMMRect.kt"}
    float bottom -> d
    float right -> c
    float top -> b
    float left -> a
    1:1:void <init>():0:0 -> <init>
    2:8:void <init>(float,float,float,float):6:12 -> <init>
    9:9:void <init>(float,float,float,float,int,kotlin.jvm.internal.DefaultConstructorMarker):8:8 -> <init>
    1:1:float getBottom():12:12 -> getBottom
    1:1:float getLeft():9:9 -> getLeft
    1:1:float getRight():11:11 -> getRight
    1:1:float getTop():10:10 -> getTop
    1:1:void setBottom(float):12:12 -> setBottom
    1:1:void setLeft(float):9:9 -> setLeft
    1:1:void setRight(float):11:11 -> setRight
    1:1:void setTop(float):10:10 -> setTop
com.chaintech.candlechartcompose.ui.CandleChartKt -> com.chaintech.candlechartcompose.ui.CandleChartKt:
# {"id":"sourceFile","fileName":"CandleChart.kt"}
    kotlinx.coroutines.Job displayJob -> a
    1:1:void CandlestickChart(java.util.List,float,float,float,androidx.compose.runtime.Composer,int,int):56:56 -> CandlestickChart
    2:274:void CandlestickChart(java.util.List,float,float,float,androidx.compose.runtime.Composer,int,int):53:325 -> CandlestickChart
    275:543:void CandlestickChart(java.util.List,float,float,float,androidx.compose.runtime.Composer,int,int):59:327 -> CandlestickChart
    544:544:void CandlestickChart(java.util.List,float,float,float,androidx.compose.runtime.Composer,int,int):323:323 -> CandlestickChart
    545:819:void CandlestickChart(java.util.List,float,float,float,androidx.compose.runtime.Composer,int,int):58:332 -> CandlestickChart
    820:1093:void CandlestickChart(java.util.List,float,float,float,androidx.compose.runtime.Composer,int,int):61:334 -> CandlestickChart
    1094:1094:void CandlestickChart(java.util.List,float,float,float,androidx.compose.runtime.Composer,int,int):330:330 -> CandlestickChart
    1095:1373:void CandlestickChart(java.util.List,float,float,float,androidx.compose.runtime.Composer,int,int):61:339 -> CandlestickChart
    1374:1653:void CandlestickChart(java.util.List,float,float,float,androidx.compose.runtime.Composer,int,int):62:341 -> CandlestickChart
    1654:1654:void CandlestickChart(java.util.List,float,float,float,androidx.compose.runtime.Composer,int,int):337:337 -> CandlestickChart
    1655:1939:void CandlestickChart(java.util.List,float,float,float,androidx.compose.runtime.Composer,int,int):62:346 -> CandlestickChart
    1940:2225:void CandlestickChart(java.util.List,float,float,float,androidx.compose.runtime.Composer,int,int):63:348 -> CandlestickChart
    2226:2226:void CandlestickChart(java.util.List,float,float,float,androidx.compose.runtime.Composer,int,int):344:344 -> CandlestickChart
    2227:2517:void CandlestickChart(java.util.List,float,float,float,androidx.compose.runtime.Composer,int,int):63:353 -> CandlestickChart
    2518:2809:void CandlestickChart(java.util.List,float,float,float,androidx.compose.runtime.Composer,int,int):64:355 -> CandlestickChart
    2810:2810:void CandlestickChart(java.util.List,float,float,float,androidx.compose.runtime.Composer,int,int):351:351 -> CandlestickChart
    2811:3105:void CandlestickChart(java.util.List,float,float,float,androidx.compose.runtime.Composer,int,int):64:358 -> CandlestickChart
    3106:3400:void CandlestickChart(java.util.List,float,float,float,androidx.compose.runtime.Composer,int,int):65:359 -> CandlestickChart
    3401:3406:void CandlestickChart(java.util.List,float,float,float,androidx.compose.runtime.Composer,int,int):66:71 -> CandlestickChart
    3407:3723:void CandlestickChart(java.util.List,float,float,float,androidx.compose.runtime.Composer,int,int):68:384 -> CandlestickChart
    3724:3747:void CandlestickChart(java.util.List,float,float,float,androidx.compose.runtime.Composer,int,int):371:394 -> CandlestickChart
    3748:4070:void CandlestickChart(java.util.List,float,float,float,androidx.compose.runtime.Composer,int,int):73:395 -> CandlestickChart
    4071:4387:void CandlestickChart(java.util.List,float,float,float,androidx.compose.runtime.Composer,int,int):84:400 -> CandlestickChart
    4388:4703:void CandlestickChart(java.util.List,float,float,float,androidx.compose.runtime.Composer,int,int):87:402 -> CandlestickChart
    4704:4704:void CandlestickChart(java.util.List,float,float,float,androidx.compose.runtime.Composer,int,int):398:398 -> CandlestickChart
    4705:5028:void CandlestickChart(java.util.List,float,float,float,androidx.compose.runtime.Composer,int,int):82:405 -> CandlestickChart
    5029:5032:void CandlestickChart(java.util.List,float,float,float,androidx.compose.runtime.Composer,int,int):120:123 -> CandlestickChart
    5033:5345:void CandlestickChart(java.util.List,float,float,float,androidx.compose.runtime.Composer,int,int):118:430 -> CandlestickChart
    5346:5369:void CandlestickChart(java.util.List,float,float,float,androidx.compose.runtime.Composer,int,int):417:440 -> CandlestickChart
    5370:5686:void CandlestickChart(java.util.List,float,float,float,androidx.compose.runtime.Composer,int,int):127:443 -> CandlestickChart
    5687:6004:void CandlestickChart(java.util.List,float,float,float,androidx.compose.runtime.Composer,int,int):128:445 -> CandlestickChart
    6005:6005:void CandlestickChart(java.util.List,float,float,float,androidx.compose.runtime.Composer,int,int):441:441 -> CandlestickChart
    6006:6328:void CandlestickChart(java.util.List,float,float,float,androidx.compose.runtime.Composer,int,int):128:450 -> CandlestickChart
    6329:6652:void CandlestickChart(java.util.List,float,float,float,androidx.compose.runtime.Composer,int,int):129:452 -> CandlestickChart
    6653:6653:void CandlestickChart(java.util.List,float,float,float,androidx.compose.runtime.Composer,int,int):448:448 -> CandlestickChart
    6654:6982:void CandlestickChart(java.util.List,float,float,float,androidx.compose.runtime.Composer,int,int):129:457 -> CandlestickChart
    6983:7312:void CandlestickChart(java.util.List,float,float,float,androidx.compose.runtime.Composer,int,int):130:459 -> CandlestickChart
    7313:7313:void CandlestickChart(java.util.List,float,float,float,androidx.compose.runtime.Composer,int,int):455:455 -> CandlestickChart
    7314:7322:void CandlestickChart(java.util.List,float,float,float,androidx.compose.runtime.Composer,int,int):130:138 -> CandlestickChart
    7323:7650:void CandlestickChart(java.util.List,float,float,float,androidx.compose.runtime.Composer,int,int):135:462 -> CandlestickChart
    7651:7653:void CandlestickChart(java.util.List,float,float,float,androidx.compose.runtime.Composer,int,int):140:142 -> CandlestickChart
    7654:7756:void CandlestickChart(java.util.List,float,float,float,androidx.compose.runtime.Composer,int,int):132:234 -> CandlestickChart
    7757:7996:void CandlestickChart(java.util.List,float,float,float,androidx.compose.runtime.Composer,int,int):233:472 -> CandlestickChart
    1:13:java.lang.String getMinAndMaxY(java.util.List):262:274 -> a
    14:40:void DrawInfoWindow-M_7yMNQ(long,com.chaintech.candlechartcompose.model.CandlestickData,androidx.compose.runtime.Composer,int):287:313 -> a
    41:230:void DrawInfoWindow-M_7yMNQ(long,com.chaintech.candlechartcompose.model.CandlestickData,androidx.compose.runtime.Composer,int):287:476 -> a
    231:418:void DrawInfoWindow-M_7yMNQ(long,com.chaintech.candlechartcompose.model.CandlestickData,androidx.compose.runtime.Composer,int):291:478 -> a
    419:419:void DrawInfoWindow-M_7yMNQ(long,com.chaintech.candlechartcompose.model.CandlestickData,androidx.compose.runtime.Composer,int):474:474 -> a
    420:420:void DrawInfoWindow-M_7yMNQ(long,com.chaintech.candlechartcompose.model.CandlestickData,androidx.compose.runtime.Composer,int):291:291 -> a
    421:636:void DrawInfoWindow-M_7yMNQ(long,com.chaintech.candlechartcompose.model.CandlestickData,androidx.compose.runtime.Composer,int):290:505 -> a
    637:660:void DrawInfoWindow-M_7yMNQ(long,com.chaintech.candlechartcompose.model.CandlestickData,androidx.compose.runtime.Composer,int):492:515 -> a
    661:878:void DrawInfoWindow-M_7yMNQ(long,com.chaintech.candlechartcompose.model.CandlestickData,androidx.compose.runtime.Composer,int):299:516 -> a
    879:1096:void DrawInfoWindow-M_7yMNQ(long,com.chaintech.candlechartcompose.model.CandlestickData,androidx.compose.runtime.Composer,int):300:517 -> a
    1097:1097:void DrawInfoWindow-M_7yMNQ(long,com.chaintech.candlechartcompose.model.CandlestickData,androidx.compose.runtime.Composer,int):301:301 -> a
    1098:1342:void DrawInfoWindow-M_7yMNQ(long,com.chaintech.candlechartcompose.model.CandlestickData,androidx.compose.runtime.Composer,int):298:542 -> a
    1343:1366:void DrawInfoWindow-M_7yMNQ(long,com.chaintech.candlechartcompose.model.CandlestickData,androidx.compose.runtime.Composer,int):529:552 -> a
    1367:1616:void DrawInfoWindow-M_7yMNQ(long,com.chaintech.candlechartcompose.model.CandlestickData,androidx.compose.runtime.Composer,int):304:553 -> a
    1617:1891:void DrawInfoWindow-M_7yMNQ(long,com.chaintech.candlechartcompose.model.CandlestickData,androidx.compose.runtime.Composer,int):304:578 -> a
    1892:1915:void DrawInfoWindow-M_7yMNQ(long,com.chaintech.candlechartcompose.model.CandlestickData,androidx.compose.runtime.Composer,int):565:588 -> a
    1916:2214:void DrawInfoWindow-M_7yMNQ(long,com.chaintech.candlechartcompose.model.CandlestickData,androidx.compose.runtime.Composer,int):305:603 -> a
    2215:2215:void DrawInfoWindow-M_7yMNQ(long,com.chaintech.candlechartcompose.model.CandlestickData,androidx.compose.runtime.Composer,int):313:313 -> a
    1:1:void access$debounce(kotlin.jvm.functions.Function0) -> access$DrawInfoWindow-M_7yMNQ
    1:1:void access$DrawInfoWindow-M_7yMNQ(long,com.chaintech.candlechartcompose.model.CandlestickData,androidx.compose.runtime.Composer,int):1 -> access$DrawInfoWindow-M_7yMNQ
    1:2:void debounce(kotlin.jvm.functions.Function0):317:318 -> access$debounce
    1:2:void access$debounce(kotlin.jvm.functions.Function0):1 -> access$debounce
    1:1:void setDisplayJob(kotlinx.coroutines.Job):315:315 -> getDisplayJob
    1:1:kotlinx.coroutines.Job getDisplayJob():315 -> getDisplayJob
    1:1:void setDisplayJob(kotlinx.coroutines.Job):315:315 -> setDisplayJob
com.chaintech.candlechartcompose.ui.CandleChartKt$CandlestickChart$1$1$1 -> a.a:
# {"id":"sourceFile","fileName":"CandleChart.kt"}
    androidx.compose.runtime.MutableState $yRange -> c
    float $startPadding -> a
    androidx.compose.runtime.MutableState $minChartY -> b
    androidx.compose.ui.text.TextMeasurer $textMeasurer -> d
    1:1:java.lang.Object invoke(java.lang.Object):87:87 -> invoke
    2:93:void com.chaintech.candlechartcompose.ui.CandleChartKt$CandlestickChart$1$1$1.invoke(androidx.compose.ui.graphics.drawscope.DrawScope):0:91 -> invoke
    2:93:java.lang.Object invoke(java.lang.Object):87 -> invoke
    94:105:void com.chaintech.candlechartcompose.ui.CandleChartKt$CandlestickChart$1$1$1.invoke(androidx.compose.ui.graphics.drawscope.DrawScope):88:99 -> invoke
    94:105:java.lang.Object invoke(java.lang.Object):87 -> invoke
    106:118:void com.chaintech.candlechartcompose.ui.CandleChartKt$CandlestickChart$1$1$1.invoke(androidx.compose.ui.graphics.drawscope.DrawScope):96:108 -> invoke
    106:118:java.lang.Object invoke(java.lang.Object):87 -> invoke
    119:122:void com.chaintech.candlechartcompose.ui.CandleChartKt$CandlestickChart$1$1$1.invoke(androidx.compose.ui.graphics.drawscope.DrawScope):105:108 -> invoke
    119:122:java.lang.Object invoke(java.lang.Object):87 -> invoke
    123:341:void com.chaintech.candlechartcompose.ui.CandleChartKt$CandlestickChart$1$1$1.invoke(androidx.compose.ui.graphics.drawscope.DrawScope):105:323 -> invoke
    123:341:java.lang.Object invoke(java.lang.Object):87 -> invoke
    342:556:void com.chaintech.candlechartcompose.ui.CandleChartKt$CandlestickChart$1$1$1.invoke(androidx.compose.ui.graphics.drawscope.DrawScope):110:324 -> invoke
    342:556:java.lang.Object invoke(java.lang.Object):87 -> invoke
    557:557:void com.chaintech.candlechartcompose.ui.CandleChartKt$CandlestickChart$1$1$1.invoke(androidx.compose.ui.graphics.drawscope.DrawScope):113:113 -> invoke
    557:557:java.lang.Object invoke(java.lang.Object):87 -> invoke
    558:558:void com.chaintech.candlechartcompose.ui.CandleChartKt$CandlestickChart$1$1$1.invoke(androidx.compose.ui.graphics.drawscope.DrawScope):112:112 -> invoke
    558:558:java.lang.Object invoke(java.lang.Object):87 -> invoke
    559:559:void com.chaintech.candlechartcompose.ui.CandleChartKt$CandlestickChart$1$1$1.invoke(androidx.compose.ui.graphics.drawscope.DrawScope):103:103 -> invoke
    559:559:java.lang.Object invoke(java.lang.Object):87 -> invoke
    560:560:void com.chaintech.candlechartcompose.ui.CandleChartKt$CandlestickChart$1$1$1.invoke(androidx.compose.ui.graphics.drawscope.DrawScope):102:102 -> invoke
    560:560:java.lang.Object invoke(java.lang.Object):87 -> invoke
    561:561:java.lang.Object invoke(java.lang.Object):87:87 -> invoke
com.chaintech.candlechartcompose.ui.CandleChartKt$CandlestickChart$1$2$1 -> a.d:
# {"id":"sourceFile","fileName":"CandleChart.kt"}
    androidx.compose.runtime.MutableState $selectedCandleOffset -> d
    androidx.compose.runtime.MutableState $infoWindowVisible -> c
    androidx.compose.runtime.MutableIntState $selectedCandleIndex -> f
    java.lang.Object L$0 -> b
    java.util.ArrayList $listCandleBounds -> e
    int label -> a
    1:1:java.lang.Object com.chaintech.candlechartcompose.ui.CandleChartKt$CandlestickChart$1$2$1.invoke(androidx.compose.ui.input.pointer.PointerInputScope,kotlin.coroutines.Continuation):0:0 -> invoke
    1:1:java.lang.Object invoke(java.lang.Object,java.lang.Object):0 -> invoke
    1:16:java.lang.Object invokeSuspend(java.lang.Object):142:157 -> invokeSuspend
com.chaintech.candlechartcompose.ui.CandleChartKt$CandlestickChart$1$2$1$1 -> a.c:
# {"id":"sourceFile","fileName":"CandleChart.kt"}
    androidx.compose.runtime.MutableIntState $selectedCandleIndex -> d
    androidx.compose.runtime.MutableState $selectedCandleOffset -> b
    java.util.ArrayList $listCandleBounds -> c
    androidx.compose.runtime.MutableState $infoWindowVisible -> a
    1:1:java.lang.Object invoke(java.lang.Object):143:143 -> invoke
    2:10:void com.chaintech.candlechartcompose.ui.CandleChartKt$CandlestickChart$1$2$1$1.invoke-k-4lQ0M(long):144:152 -> invoke
    2:10:java.lang.Object invoke(java.lang.Object):143 -> invoke
    11:11:java.lang.Object invoke(java.lang.Object):143:143 -> invoke
com.chaintech.candlechartcompose.ui.CandleChartKt$CandlestickChart$1$2$1$1$1 -> a.b:
# {"id":"sourceFile","fileName":"CandleChart.kt"}
    androidx.compose.runtime.MutableState $infoWindowVisible -> a
    1:1:void com.chaintech.candlechartcompose.ui.CandleChartKt$CandlestickChart$1$2$1$1$1.invoke():147:147 -> invoke
    1:1:java.lang.Object invoke():146 -> invoke
    2:2:java.lang.Object invoke():146:146 -> invoke
com.chaintech.candlechartcompose.ui.CandleChartKt$CandlestickChart$1$2$2 -> a.e:
# {"id":"sourceFile","fileName":"CandleChart.kt"}
    java.util.List $data -> b
    androidx.compose.runtime.MutableState $yRange -> f
    androidx.compose.runtime.MutableState $minChartY -> e
    float $totalCandleWidth -> d
    java.util.ArrayList $listCandleBounds -> g
    float $candleWidth -> c
    float $totalWidth -> a
    1:1:java.lang.Object invoke(java.lang.Object):132:132 -> invoke
    2:165:void com.chaintech.candlechartcompose.ui.CandleChartKt$CandlestickChart$1$2$2.invoke(androidx.compose.ui.graphics.drawscope.DrawScope):0:163 -> invoke
    2:165:java.lang.Object invoke(java.lang.Object):132 -> invoke
    166:178:void com.chaintech.candlechartcompose.ui.CandleChartKt$CandlestickChart$1$2$2.invoke(androidx.compose.ui.graphics.drawscope.DrawScope):160:172 -> invoke
    166:178:java.lang.Object invoke(java.lang.Object):132 -> invoke
    179:220:void com.chaintech.candlechartcompose.ui.CandleChartKt$CandlestickChart$1$2$2.invoke(androidx.compose.ui.graphics.drawscope.DrawScope):169:210 -> invoke
    179:220:java.lang.Object invoke(java.lang.Object):132 -> invoke
    221:230:void com.chaintech.candlechartcompose.ui.CandleChartKt$CandlestickChart$1$2$2.invoke(androidx.compose.ui.graphics.drawscope.DrawScope):207:216 -> invoke
    221:230:java.lang.Object invoke(java.lang.Object):132 -> invoke
    231:240:void com.chaintech.candlechartcompose.ui.CandleChartKt$CandlestickChart$1$2$2.invoke(androidx.compose.ui.graphics.drawscope.DrawScope):213:222 -> invoke
    231:240:java.lang.Object invoke(java.lang.Object):132 -> invoke
    241:250:void com.chaintech.candlechartcompose.ui.CandleChartKt$CandlestickChart$1$2$2.invoke(androidx.compose.ui.graphics.drawscope.DrawScope):219:228 -> invoke
    241:250:java.lang.Object invoke(java.lang.Object):132 -> invoke
    251:251:java.lang.Object invoke(java.lang.Object):132:132 -> invoke
com.chaintech.candlechartcompose.ui.CandleChartKt$CandlestickChart$2 -> a.f:
# {"id":"sourceFile","fileName":"CandleChart.kt"}
    java.util.List $data -> a
    float $candleWidth -> d
    int $$default -> f
    float $maxY -> c
    float $minY -> b
    int $$changed -> e
    1:1:void com.chaintech.candlechartcompose.ui.CandleChartKt$CandlestickChart$2.invoke(androidx.compose.runtime.Composer,int):0:0 -> invoke
    1:1:java.lang.Object invoke(java.lang.Object,java.lang.Object):0 -> invoke
    2:2:java.lang.Object invoke(java.lang.Object,java.lang.Object):0:0 -> invoke
com.chaintech.candlechartcompose.ui.CandleChartKt$DrawInfoWindow$1$1 -> a.g:
# {"id":"sourceFile","fileName":"CandleChart.kt"}
    float $windowY -> b
    float $windowX -> a
    1:1:java.lang.Object invoke(java.lang.Object):291:291 -> invoke
    2:296:long com.chaintech.candlechartcompose.ui.CandleChartKt$DrawInfoWindow$1$1.invoke-Bjo55l4(androidx.compose.ui.unit.Density):0:294 -> invoke
    2:296:java.lang.Object invoke(java.lang.Object):291 -> invoke
    297:297:long com.chaintech.candlechartcompose.ui.CandleChartKt$DrawInfoWindow$1$1.invoke-Bjo55l4(androidx.compose.ui.unit.Density):292:292 -> invoke
    297:297:java.lang.Object invoke(java.lang.Object):291 -> invoke
    298:298:java.lang.Object invoke(java.lang.Object):291:291 -> invoke
com.chaintech.candlechartcompose.ui.CandleChartKt$DrawInfoWindow$3 -> a.h:
# {"id":"sourceFile","fileName":"CandleChart.kt"}
    long $position -> a
    com.chaintech.candlechartcompose.model.CandlestickData $candleData -> b
    int $$changed -> c
    1:1:void com.chaintech.candlechartcompose.ui.CandleChartKt$DrawInfoWindow$3.invoke(androidx.compose.runtime.Composer,int):0:0 -> invoke
    1:1:java.lang.Object invoke(java.lang.Object,java.lang.Object):0 -> invoke
    2:2:java.lang.Object invoke(java.lang.Object,java.lang.Object):0:0 -> invoke
com.chaintech.candlechartcompose.ui.CandleChartKt$debounce$1 -> a.i:
# {"id":"sourceFile","fileName":"CandleChart.kt"}
    int label -> a
    kotlin.jvm.functions.Function0 $onChange -> b
    1:1:java.lang.Object com.chaintech.candlechartcompose.ui.CandleChartKt$debounce$1.invoke(kotlinx.coroutines.CoroutineScope,kotlin.coroutines.Continuation):0:0 -> invoke
    1:1:java.lang.Object invoke(java.lang.Object,java.lang.Object):0 -> invoke
    1:4:java.lang.Object invokeSuspend(java.lang.Object):318:321 -> invokeSuspend
